../Core/Src/TM1637_MAIN.c:407:13:Delay_us	0	static,ignoring_inline_asm
../Core/Src/TM1637_MAIN.c:389:13:TM1637_GPIO_INIT	24	static
../Core/Src/TM1637_MAIN.c:200:13:Led7TurnTime_Start	8	static
../Core/Src/TM1637_MAIN.c:209:13:Led7TurnTime_Write	16	static
../Core/Src/TM1637_MAIN.c:242:13:Led7TurnTime_Stop	8	static
../Core/Src/TM1637_MAIN.c:263:13:Led7HitCnt_Start	8	static
../Core/Src/TM1637_MAIN.c:272:13:Led7HitCnt_Write	16	static
../Core/Src/TM1637_MAIN.c:305:13:Led7HitCnt_Stop	8	static
../Core/Src/TM1637_MAIN.c:326:13:Led7RoundTime_Start	8	static
../Core/Src/TM1637_MAIN.c:335:13:Led7RoundTime_Write	16	static
../Core/Src/TM1637_MAIN.c:368:13:Led7RoundTime_Stop	8	static
../Core/Src/TM1637_MAIN.c:231:13:Led7TurnTime_Cask	8	static
../Core/Src/TM1637_MAIN.c:294:13:Led7HitCnt_Cask	8	static
../Core/Src/TM1637_MAIN.c:357:13:Led7RoundTime_Cask	8	static
../Core/Src/TM1637_MAIN.c:76:6:Led7TurnTime_Display	16	static
../Core/Src/TM1637_MAIN.c:116:6:Led7HitCnt_Display	16	static
../Core/Src/TM1637_MAIN.c:157:6:Led7RoundTime_Display	16	static
