../Core/Src/User_Task.c:885:16:get_player_available	8	static
../Core/Src/User_Task.c:111:6:Task_Read_Cfg	8	static
../Core/Src/User_Task.c:127:6:Task_Save_Cfg	0	static
../Core/Src/User_Task.c:367:9:Task_User_1stInit	16	static
../Core/Src/User_Task.c:722:6:Task_100ms	24	static
../Core/Src/User_Task.c:773:6:Task_Playing_Time	24	static
../Core/Src/User_Task.c:830:6:Task_led_xl	0	static
../Core/Src/User_Task.c:835:6:Task_Led_StartPoint	16	static
../Core/Src/User_Task.c:132:6:Task_Mode_Cfg	32	static
../Core/Src/User_Task.c:852:6:Task_Blink_Line	16	static
../Core/Src/User_Task.c:857:6:Task_Buzzer_Enable	0	static
../Core/Src/User_Task.c:988:6:delay_ms	0	static
../Core/Src/User_Task.c:862:13:Task_Upload_Display	56	static
../Core/Src/User_Task.c:394:9:Task_Round_Init	40	static
../Core/Src/User_Task.c:435:9:Task_Playing	56	static
../Core/Src/User_Task.c:679:6:Task_TestMode_Display	72	static
../Core/Src/User_Task.c:696:6:Task_Run_TestMode	8	static
../Core/Src/User_Task.c:823:6:Task_Clear_Display	8	static
