../Core/Src/TM1637_MAIN.c:76:6:Led7TurnTime_Display	24	static
../Core/Src/TM1637_MAIN.c:120:6:Led7HitCnt_Display	24	static
../Core/Src/TM1637_MAIN.c:165:6:Led7RoundTime_Display	24	static
../Core/Src/TM1637_MAIN.c:212:13:Led7TurnTime_Start	8	static
../Core/Src/TM1637_MAIN.c:221:13:Led7TurnTime_Write	24	static
../Core/Src/TM1637_MAIN.c:243:16:Led7TurnTime_Cask	8	static
../Core/Src/TM1637_MAIN.c:257:13:Led7TurnTime_Stop	8	static
../Core/Src/TM1637_MAIN.c:269:13:Led7TurnTime_PWM	16	static
../Core/Src/TM1637_MAIN.c:278:13:Led7HitCnt_Start	8	static
../Core/Src/TM1637_MAIN.c:287:13:Led7HitCnt_Write	24	static
../Core/Src/TM1637_MAIN.c:309:16:Led7HitCnt_Cask	8	static
../Core/Src/TM1637_MAIN.c:323:13:Led7HitCnt_Stop	8	static
../Core/Src/TM1637_MAIN.c:335:13:Led7HitCnt_PWM	16	static
../Core/Src/TM1637_MAIN.c:344:13:Led7RoundTime_Start	8	static
../Core/Src/TM1637_MAIN.c:353:13:Led7RoundTime_Write	24	static
../Core/Src/TM1637_MAIN.c:375:16:Led7RoundTime_Cask	8	static
../Core/Src/TM1637_MAIN.c:389:13:Led7RoundTime_Stop	8	static
../Core/Src/TM1637_MAIN.c:401:13:Led7RoundTime_PWM	16	static
../Core/Src/TM1637_MAIN.c:410:13:TM1637_GPIO_INIT	32	static
../Core/Src/TM1637_MAIN.c:428:13:Delay_us	16	static,ignoring_inline_asm
