../Core/Src/TM1637_MAIN.c:76:6:Led7TurnTime_Display	24	static
../Core/Src/TM1637_MAIN.c:116:6:Led7HitCnt_Display	24	static
../Core/Src/TM1637_MAIN.c:157:6:Led7RoundTime_Display	24	static
../Core/Src/TM1637_MAIN.c:198:13:Led7TurnTime_Start	8	static
../Core/Src/TM1637_MAIN.c:207:13:Led7TurnTime_Write	24	static
../Core/Src/TM1637_MAIN.c:229:13:Led7TurnTime_Cask	8	static
../Core/Src/TM1637_MAIN.c:240:13:Led7TurnTime_Stop	8	static
../Core/Src/TM1637_MAIN.c:252:13:Led7TurnTime_PWM	16	static
../Core/Src/TM1637_MAIN.c:261:13:Led7HitCnt_Start	8	static
../Core/Src/TM1637_MAIN.c:270:13:Led7HitCnt_Write	24	static
../Core/Src/TM1637_MAIN.c:292:13:Led7HitCnt_Cask	8	static
../Core/Src/TM1637_MAIN.c:303:13:Led7HitCnt_Stop	8	static
../Core/Src/TM1637_MAIN.c:315:13:Led7HitCnt_PWM	16	static
../Core/Src/TM1637_MAIN.c:324:13:Led7RoundTime_Start	8	static
../Core/Src/TM1637_MAIN.c:333:13:Led7RoundTime_Write	24	static
../Core/Src/TM1637_MAIN.c:355:13:Led7RoundTime_Cask	8	static
../Core/Src/TM1637_MAIN.c:366:13:Led7RoundTime_Stop	8	static
../Core/Src/TM1637_MAIN.c:378:13:Led7RoundTime_PWM	16	static
../Core/Src/TM1637_MAIN.c:387:13:TM1637_GPIO_INIT	32	static
../Core/Src/TM1637_MAIN.c:405:13:Delay_us	16	static,ignoring_inline_asm
