../Core/Src/User_Task.c:110:6:Task_Read_Cfg	8	static
../Core/Src/User_Task.c:126:6:Task_Save_Cfg	8	static
../Core/Src/User_Task.c:131:6:Task_Mode_Cfg	48	static
../Core/Src/User_Task.c:540:9:Task_User_1stInit	24	static
../Core/Src/User_Task.c:561:9:Task_Round_Init	32	static
../Core/Src/User_Task.c:603:9:Task_Playing	40	static
../Core/Src/User_Task.c:943:6:Task_TestMode_Display	120	static
../Core/Src/User_Task.c:977:9:Task_Run_TestMode	8	static
../Core/Src/User_Task.c:1042:6:Task_100ms	24	static
../Core/Src/User_Task.c:1102:6:Task_Clear_Display	16	static
../Core/Src/User_Task.c:1109:6:Task_led_xl	16	static
../Core/Src/User_Task.c:1114:6:Task_Led_StartPoint	24	static
../Core/Src/User_Task.c:1131:6:Task_Blink_Line	24	static
../Core/Src/User_Task.c:1136:6:Task_Buzzer_Enable	4	static
../Core/Src/User_Task.c:1141:13:Task_Upload_Display	16	static
../Core/Src/User_Task.c:1151:13:update_led7_data	56	static
../Core/Src/User_Task.c:1171:16:get_player_available	16	static
../Core/Src/User_Task.c:1183:16:get_next_user	32	static
../Core/Src/User_Task.c:1217:13:update_rand_addr	32	static
../Core/Src/User_Task.c:1275:6:delay_ms	16	static
