../Core/Src/User_Task.c:111:6:Task_Read_Cfg	8	static
../Core/Src/User_Task.c:127:6:Task_Save_Cfg	8	static
../Core/Src/User_Task.c:132:6:Task_Mode_Cfg	48	static
../Core/Src/User_Task.c:497:9:Task_User_1stInit	24	static
../Core/Src/User_Task.c:517:9:Task_Round_Init	32	static
../Core/Src/User_Task.c:557:9:Task_Playing	40	static
../Core/Src/User_Task.c:855:6:Task_TestMode_Display	112	static
../Core/Src/User_Task.c:882:9:Task_Run_TestMode	8	static
../Core/Src/User_Task.c:944:6:Task_100ms	24	static
../Core/Src/User_Task.c:1011:6:Task_Clear_Display	16	static
../Core/Src/User_Task.c:1018:6:Task_led_xl	16	static
../Core/Src/User_Task.c:1023:6:Task_Led_StartPoint	24	static
../Core/Src/User_Task.c:1040:6:Task_Blink_Line	24	static
../Core/Src/User_Task.c:1045:6:Task_Buzzer_Enable	4	static
../Core/Src/User_Task.c:1050:13:Task_Upload_Display	16	static
../Core/Src/User_Task.c:1060:13:update_led7_data	56	static
../Core/Src/User_Task.c:1073:16:get_player_available	16	static
../Core/Src/User_Task.c:1085:16:get_next_user	32	static
../Core/Src/User_Task.c:1118:13:update_rand_addr	32	static
../Core/Src/User_Task.c:1176:6:delay_ms	16	static
