../Core/Src/User_Task.c:114:6:Task_Read_Cfg	8	static
../Core/Src/User_Task.c:130:6:Task_Save_Cfg	8	static
../Core/Src/User_Task.c:135:6:Task_Mode_Cfg	40	static
../Core/Src/User_Task.c:370:9:Task_User_1stInit	24	static
../Core/Src/User_Task.c:400:9:Task_Round_Init	24	static
../Core/Src/User_Task.c:440:9:Task_Playing	40	static
../Core/Src/User_Task.c:702:6:Task_100ms	8	static
../Core/Src/User_Task.c:717:6:Task_Playing_Time	16	static
../Core/Src/User_Task.c:763:6:Task_Clear_Display	16	static
../Core/Src/User_Task.c:770:6:Task_led_xl	16	static
../Core/Src/User_Task.c:775:6:Task_Led_StartPoint	24	static
../Core/Src/User_Task.c:792:6:Task_Blink_Line	24	static
../Core/Src/User_Task.c:797:6:Task_Buzzer_Enable	4	static
../Core/Src/User_Task.c:802:13:Task_Upload_Display	16	static
../Core/Src/User_Task.c:812:13:update_led7_data	56	static
../Core/Src/User_Task.c:825:16:get_player_available	16	static
../Core/Src/User_Task.c:840:16:get_next_user	32	static
../Core/Src/User_Task.c:866:13:update_rand_addr	32	static
../Core/Src/User_Task.c:924:13:delay_ms	16	static
