../Core/Src/User_Task.c:110:6:Task_Read_Cfg	8	static
../Core/Src/User_Task.c:126:6:Task_Save_Cfg	8	static
../Core/Src/User_Task.c:131:6:Task_Mode_Cfg	48	static
../Core/Src/User_Task.c:524:9:Task_User_1stInit	24	static
../Core/Src/User_Task.c:545:9:Task_Round_Init	32	static
../Core/Src/User_Task.c:587:9:Task_Playing	40	static
../Core/Src/User_Task.c:927:6:Task_TestMode_Display	120	static
../Core/Src/User_Task.c:961:9:Task_Run_TestMode	8	static
../Core/Src/User_Task.c:1026:6:Task_100ms	24	static
../Core/Src/User_Task.c:1078:6:Task_Clear_Display	16	static
../Core/Src/User_Task.c:1085:6:Task_led_xl	16	static
../Core/Src/User_Task.c:1090:6:Task_Led_StartPoint	24	static
../Core/Src/User_Task.c:1107:6:Task_Blink_Line	24	static
../Core/Src/User_Task.c:1112:6:Task_Buzzer_Enable	4	static
../Core/Src/User_Task.c:1117:13:Task_Upload_Display	16	static
../Core/Src/User_Task.c:1127:13:update_led7_data	56	static
../Core/Src/User_Task.c:1146:16:get_player_available	16	static
../Core/Src/User_Task.c:1158:16:get_next_user	32	static
../Core/Src/User_Task.c:1190:13:update_rand_addr	32	static
../Core/Src/User_Task.c:1268:6:delay_ms	16	static
