../Core/Src/User_Task.c:112:6:Task_Read_Cfg	8	static
../Core/Src/User_Task.c:128:6:Task_Save_Cfg	8	static
../Core/Src/User_Task.c:133:6:Task_Mode_Cfg	48	static
../Core/Src/User_Task.c:498:9:Task_User_1stInit	24	static
../Core/Src/User_Task.c:519:9:Task_Round_Init	32	static
../Core/Src/User_Task.c:559:9:Task_Playing	40	static
../Core/Src/User_Task.c:856:6:Task_TestMode_Display	112	static
../Core/Src/User_Task.c:883:9:Task_Run_TestMode	8	static
../Core/Src/User_Task.c:945:6:Task_100ms	24	static
../Core/Src/User_Task.c:1015:6:Task_Clear_Display	16	static
../Core/Src/User_Task.c:1022:6:Task_led_xl	16	static
../Core/Src/User_Task.c:1027:6:Task_Led_StartPoint	24	static
../Core/Src/User_Task.c:1044:6:Task_Blink_Line	24	static
../Core/Src/User_Task.c:1049:6:Task_Buzzer_Enable	4	static
../Core/Src/User_Task.c:1054:13:Task_Upload_Display	16	static
../Core/Src/User_Task.c:1064:13:update_led7_data	56	static
../Core/Src/User_Task.c:1077:16:get_player_available	16	static
../Core/Src/User_Task.c:1089:16:get_next_user	32	static
../Core/Src/User_Task.c:1122:13:update_rand_addr	32	static
../Core/Src/User_Task.c:1180:6:delay_ms	16	static
