../Core/Src/User_Task.c:113:6:Task_Read_Cfg	8	static
../Core/Src/User_Task.c:129:6:Task_Save_Cfg	8	static
../Core/Src/User_Task.c:134:6:Task_Mode_Cfg	48	static
../Core/Src/User_Task.c:369:9:Task_User_1stInit	24	static
../Core/Src/User_Task.c:396:9:Task_Round_Init	32	static
../Core/Src/User_Task.c:437:9:Task_Playing	40	static
../Core/Src/User_Task.c:681:6:Task_TestMode_Display	112	static
../Core/Src/User_Task.c:698:6:Task_Run_TestMode	8	static
../Core/Src/User_Task.c:729:6:Task_100ms	8	static
../Core/Src/User_Task.c:744:6:Task_Playing_Time	24	static
../Core/Src/User_Task.c:794:6:Task_Clear_Display	16	static
../Core/Src/User_Task.c:801:6:Task_led_xl	16	static
../Core/Src/User_Task.c:806:6:Task_Led_StartPoint	24	static
../Core/Src/User_Task.c:823:6:Task_Blink_Line	24	static
../Core/Src/User_Task.c:828:6:Task_Buzzer_Enable	4	static
../Core/Src/User_Task.c:833:13:Task_Upload_Display	16	static
../Core/Src/User_Task.c:843:13:update_led7_data	56	static
../Core/Src/User_Task.c:856:16:get_player_available	16	static
../Core/Src/User_Task.c:868:16:get_next_user	32	static
../Core/Src/User_Task.c:901:13:update_rand_addr	32	static
../Core/Src/User_Task.c:959:13:delay_ms	16	static
